// Jest Snapshot v1, https://goo.gl/fbAQLP

exports[`App component App snapshot 1`] = `
Object {
  "asFragment": [Function],
  "baseElement": <body>
    <div>
      <div
        class="App"
      >
        <div
          class="mt-5 container"
        >
          <div
            class="row"
          >
            <div
              class="col"
            >
              <input
                class="form-control"
                name="firstArg"
                placeholder="аргумент 1"
                value=""
              />
            </div>
            <div
              class="col"
            >
              <select
                aria-label="оператор"
                class="form-select"
                name="operator"
                required=""
                role="listbox"
              >
                <option
                  value="+"
                >
                  +
                </option>
                <option
                  value="-"
                >
                  -
                </option>
                <option
                  value="*"
                >
                  *
                </option>
              </select>
            </div>
            <div
              class="col"
            >
              <input
                class="form-control form-control"
                name="secondArg"
                placeholder="аргумент 2"
                value=""
              />
            </div>
            <div
              class="col"
            />
            <div
              class="mt-2 col-md-12"
            >
              <button
                class="text-white w-100 btn btn-primary"
                role="submitButton"
                type="submit"
              >
                Рассчитать!
              </button>
            </div>
          </div>
        </div>
      </div>
    </div>
  </body>,
  "container": <div>
    <div
      class="App"
    >
      <div
        class="mt-5 container"
      >
        <div
          class="row"
        >
          <div
            class="col"
          >
            <input
              class="form-control"
              name="firstArg"
              placeholder="аргумент 1"
              value=""
            />
          </div>
          <div
            class="col"
          >
            <select
              aria-label="оператор"
              class="form-select"
              name="operator"
              required=""
              role="listbox"
            >
              <option
                value="+"
              >
                +
              </option>
              <option
                value="-"
              >
                -
              </option>
              <option
                value="*"
              >
                *
              </option>
            </select>
          </div>
          <div
            class="col"
          >
            <input
              class="form-control form-control"
              name="secondArg"
              placeholder="аргумент 2"
              value=""
            />
          </div>
          <div
            class="col"
          />
          <div
            class="mt-2 col-md-12"
          >
            <button
              class="text-white w-100 btn btn-primary"
              role="submitButton"
              type="submit"
            >
              Рассчитать!
            </button>
          </div>
        </div>
      </div>
    </div>
  </div>,
  "debug": [Function],
  "findAllByAltText": [Function],
  "findAllByDisplayValue": [Function],
  "findAllByLabelText": [Function],
  "findAllByPlaceholderText": [Function],
  "findAllByRole": [Function],
  "findAllByTestId": [Function],
  "findAllByText": [Function],
  "findAllByTitle": [Function],
  "findByAltText": [Function],
  "findByDisplayValue": [Function],
  "findByLabelText": [Function],
  "findByPlaceholderText": [Function],
  "findByRole": [Function],
  "findByTestId": [Function],
  "findByText": [Function],
  "findByTitle": [Function],
  "getAllByAltText": [Function],
  "getAllByDisplayValue": [Function],
  "getAllByLabelText": [Function],
  "getAllByPlaceholderText": [Function],
  "getAllByRole": [Function],
  "getAllByTestId": [Function],
  "getAllByText": [Function],
  "getAllByTitle": [Function],
  "getByAltText": [Function],
  "getByDisplayValue": [Function],
  "getByLabelText": [Function],
  "getByPlaceholderText": [Function],
  "getByRole": [Function],
  "getByTestId": [Function],
  "getByText": [Function],
  "getByTitle": [Function],
  "queryAllByAltText": [Function],
  "queryAllByDisplayValue": [Function],
  "queryAllByLabelText": [Function],
  "queryAllByPlaceholderText": [Function],
  "queryAllByRole": [Function],
  "queryAllByTestId": [Function],
  "queryAllByText": [Function],
  "queryAllByTitle": [Function],
  "queryByAltText": [Function],
  "queryByDisplayValue": [Function],
  "queryByLabelText": [Function],
  "queryByPlaceholderText": [Function],
  "queryByRole": [Function],
  "queryByTestId": [Function],
  "queryByText": [Function],
  "queryByTitle": [Function],
  "rerender": [Function],
  "unmount": [Function],
}
`;
